// Jest Snapshot v1, https://goo.gl/fbAQLP

exports[`Cmp: LevelChartCmp activate: LevelChartCmp should render correctly 1`] = `
<div
  className="donut-level"
>
  <ReactMinimalPieChart
    animate={true}
    animationDuration={500}
    animationEasing="ease-out"
    className="donut"
    cx={50}
    cy={50}
    data={
      Array [
        Object {
          "color": "#4fc514",
          "key": 1,
          "value": 5,
        },
        Object {
          "color": "#878789",
          "key": 3,
          "value": 10,
        },
      ]
    }
    lengthAngle={-360}
    lineWidth={10}
    paddingAngle={5}
    radius={50}
    ratio={1}
    rounded={false}
    startAngle={0}
  />
  <div
    className="number"
  >
    5
  </div>
</div>
`;
